// Jest Snapshot v1, https://goo.gl/fbAQLP

exports[`NowBox should render the current date/time 1`] = `
<div
  class="fade-in-down-1s flex flex-wrap lg:flex-nowrap mt-4 lg:mt-12 mb-8 justify-between"
  data-testid="now-box"
>
  <div
    class="now leading-none text-[3.375rem] border border-current border-solid my-2 mx-auto p-2 w-full lg:max-w-1/2 lg:w-3/10 text-center"
  >
    <span
      class="clock"
    >
      12:00 AM
    </span>
    <span
      class="date"
    >
      <span
        class="text-2xl"
      >
        <div>
          Friday - Sep 01, 2023
        </div>
      </span>
    </span>
  </div>
</div>
`;
